<html>
<body>
<pre>
<h1>µVision Build Log</h1>
<h2>Tool Versions:</h2>
IDE-Version: ¦ÌVision V5.24.2.0
Copyright (C) 2017 ARM Ltd and ARM Germany GmbH. All rights reserved.
License Information: 1 2, 3, LIC=58556-D4Q5D-RXLUD-8PXH5-Q66JI-TRQ52
 
Tool Versions:
Toolchain:       MDK-ARM Plus  Version: 5.24.1
Toolchain Path:  C:\Keil_v5\ARM\ARMCC\Bin
C Compiler:      Armcc.exe V5.06 update 5 (build 528)
Assembler:       Armasm.exe V5.06 update 5 (build 528)
Linker/Locator:  ArmLink.exe V5.06 update 5 (build 528)
Library Manager: ArmAr.exe V5.06 update 5 (build 528)
Hex Converter:   FromElf.exe V5.06 update 5 (build 528)
CPU DLL:         SARMCM3.DLL V5.24.1
Dialog DLL:      DCM.DLL V1.16.0.0
Target DLL:      STLink\ST-LINKIII-KEIL_SWO.dll V3.0.1.0
Dialog DLL:      TCM.DLL V1.32.0.0
 
<h2>Project:</h2>
E:\work\awtk-root\awtk-stm32h743iitx-tencentos\USER\awtk.uvprojx
Project File Date:  05/05/2020

<h2>Output:</h2>
*** Using Compiler 'V5.06 update 5 (build 528)', folder: 'C:\Keil_v5\ARM\ARMCC\Bin'
Rebuild target 'awtkapp'
assembling startup_stm32h743xx.s...
compiling stm32h7xx_it.c...
compiling sys.c...
compiling system_stm32h7xx.c...
compiling stm32h7xx_hal_msp.c...
compiling delay.c...
compiling usart.c...
compiling main.c...
compiling stm32h7xx_hal.c...
compiling stm32h7xx_hal_cortex.c...
compiling stm32h7xx_hal_dma_ex.c...
compiling stm32h7xx_hal_gpio.c...
compiling stm32h7xx_hal_dma.c...
compiling stm32h7xx_hal_mdma.c...
compiling stm32h7xx_hal_pwr.c...
compiling stm32h7xx_hal_pwr_ex.c...
compiling stm32h7xx_hal_rcc.c...
compiling stm32h7xx_hal_uart_ex.c...
compiling stm32h7xx_hal_rcc_ex.c...
compiling stm32h7xx_hal_uart.c...
compiling stm32h7xx_hal_usart.c...
compiling stm32h7xx_hal_tim.c...
compiling stm32h7xx_hal_sram.c...
compiling stm32h7xx_ll_fmc.c...
compiling stm32h7xx_hal_tim_ex.c...
compiling stm32h7xx_hal_sdram.c...
compiling stm32h7xx_hal_ltdc.c...
compiling stm32h7xx_hal_qspi.c...
compiling stm32h7xx_hal_spi_ex.c...
compiling stm32h7xx_hal_dcmi.c...
compiling stm32h7xx_hal_sd_ex.c...
compiling stm32h7xx_hal_spi.c...
compiling stm32h7xx_hal_sd.c...
compiling stm32h7xx_ll_sdmmc.c...
compiling stm32h7xx_ll_delayblock.c...
compiling led.c...
compiling key.c...
compiling mpu.c...
compiling stm32h7xx_hal_nand.c...
compiling sdram.c...
compiling ltdc.c...
compiling lcd.c...
compiling myiic.c...
compiling 24cxx.c...
compiling pcf8574.c...
compiling sdmmc_sdcard.c...
compiling ftl.c...
compiling nand.c...
compiling qspi.c...
compiling nandtester.c...
compiling w25qxx.c...
compiling ctiic.c...
compiling ft5206.c...
compiling gt9147.c...
compiling ott2001a.c...
compiling touch.c...
compiling malloc.c...
compiling exfuns.c...
compiling fattester.c...
compiling diskio.c...
compiling ffunicode.c...
compiling ffsystem.c...
compiling app_bar.c...
compiling usmart.c...
compiling assets_manager.c...
compiling usmart_str.c...
compiling ff.c...
compiling usmart_config.c...
compiling bitmap.c...
compiling buffer.c...
compiling button.c...
compiling color.c...
compiling color_parser.c...
compiling button_group.c...
compiling check_button.c...
compiling color_tile.c...
compiling column.c...
compiling combo_box_item.c...
compiling dialog.c...
compiling dialog_client.c...
compiling dialog_title.c...
compiling combo_box.c...
compiling canvas.c...
compiling dragger.c...
compiling easing.c...
compiling emitter.c...
compiling font.c...
compiling event_queue.c...
compiling events.c...
compiling enums.c...
compiling font_manager.c...
..\awtk\src\base\font_manager.c(81): warning:  #177-D: function "font_manager_fix_bitmap_font_name"  was declared but never referenced
  static const char* font_manager_fix_bitmap_font_name(char str[MAX_PATH], const char* name,
..\awtk\src\base\font_manager.c: 1 warning, 0 errors
compiling glyph_cache.c...
compiling fs.c...
compiling group_box.c...
compiling grid.c...
compiling edit.c...
compiling idle.c...
compiling image_loader.c...
compiling image.c...
compiling input_engine.c...
compiling image_manager.c...
compiling input_method.c...
compiling line_break.c...
compiling label.c...
compiling lcd.c...
compiling layout.c...
compiling locale_info.c...
compiling main_loop.c...
compiling matrix.c...
compiling mem.c...
compiling path.c...
compiling pages.c...
compiling popup.c...
compiling rect.c...
compiling rom_fs.c...
compiling progress_bar.c...
compiling row.c...
compiling spin_box.c...
compiling suggest_words.c...
compiling slider.c...
compiling system_info.c...
compiling str.c...
compiling tab_button.c...
..\awtk\src\widgets\tab_button.c(147): warning:  #177-D: variable "index"  was declared but never referenced
      int32_t index = 0;
..\awtk\src\widgets\tab_button.c: 1 warning, 0 errors
compiling tab_button_group.c...
compiling tab_control.c...
compiling theme.c...
compiling tokenizer.c...
compiling timer.c...
compiling ui_builder.c...
compiling utf8.c...
..\awtk\src\tkc\utf8.c(90): warning:  #68-D: integer conversion resulted in a change of sign
    
TF8_GET(result, p, i, mask, len);
..\awtk\src\tkc\utf8.c: 1 warning, 0 errors
compiling velocity.c...
compiling utils.c...
..\awtk\src\tkc\utils.c(795): warning:  #1-D: last line of file ends without a newline
  }
..\awtk\src\tkc\utils.c: 1 warning, 0 errors
compiling value.c...
compiling view.c...
compiling vgcanvas.c...
compiling widget_factory.c...
compiling widget_animator.c...
compiling window_animator.c...
compiling window.c...
compiling widget_vtable.c...
compiling image_g2d.c...
compiling wstr.c...
compiling window_manager.c...
compiling lcd_mem_bgra8888.c...
compiling lcd_mem_rgb565.c...
compiling lcd_mem_rgba8888.c...
compiling stm32_g2d.c...
compiling new.cpp...
compiling main_loop_simple.c...
compiling ui_binary_writer.c...
compiling input_method_creator.c...
compiling ui_builder_default.c...
compiling widget.c...
compiling ui_loader.c...
compiling ui_loader_default.c...
compiling ui_serializer.c...
compiling ui_loader_xml.c...
compiling ui_xml_writer.c...
compiling window_open.c...
compiling xml_builder.c...
compiling widget_animator_scroll.c...
compiling xml_parser.c...
compiling input_engine_null.c...
compiling soft_g2d.c...
compiling lcd_mem_bgr565.c...
compiling lcd_mem_bgr888.c...
compiling blend_image_bgr565_bgr565.c...
compiling awtk_global.c...
compiling image_loader_stb.c...
..\awtk\3rd\stb/stb_image.h(2222): warning:  #1035-D: single-precision operand implicitly converted to double-precision
           
TBI__IDCT_1D(d[ 0],d[ 8],d[16],d[24],d[32],d[40],d[48],d[56])
..\awtk\3rd\stb/stb_image.h(2222): warning:  #1035-D: single-precision operand implicitly converted to double-precision
           
TBI__IDCT_1D(d[ 0],d[ 8],d[16],d[24],d[32],d[40],d[48],d[56])
..\awtk\3rd\stb/stb_image.h(2222): warning:  #1035-D: single-precision operand implicitly converted to double-precision
           
TBI__IDCT_1D(d[ 0],d[ 8],d[16],d[24],d[32],d[40],d[48],d[56])
..\awtk\3rd\stb/stb_image.h(2222): warning:  #1035-D: single-precision operand implicitly converted to double-precision
           
TBI__IDCT_1D(d[ 0],d[ 8],d[16],d[24],d[32],d[40],d[48],d[56])
..\awtk\3rd\stb/stb_image.h(2222): warning:  #1035-D: single-precision operand implicitly converted to double-precision
           
TBI__IDCT_1D(d[ 0],d[ 8],d[16],d[24],d[32],d[40],d[48],d[56])
..\awtk\3rd\stb/stb_image.h(2222): warning:  #1035-D: single-precision operand implicitly converted to double-precision
           
TBI__IDCT_1D(d[ 0],d[ 8],d[16],d[24],d[32],d[40],d[48],d[56])
..\awtk\3rd\stb/stb_image.h(2222): warning:  #1035-D: single-precision operand implicitly converted to double-precision
           
TBI__IDCT_1D(d[ 0],d[ 8],d[16],d[24],d[32],d[40],d[48],d[56])
..\awtk\3rd\stb/stb_image.h(2222): warning:  #1035-D: single-precision operand implicitly converted to double-precision
           
TBI__IDCT_1D(d[ 0],d[ 8],d[16],d[24],d[32],d[40],d[48],d[56])
..\awtk\3rd\stb/stb_image.h(2222): warning:  #1035-D: single-precision operand implicitly converted to double-precision
           
TBI__IDCT_1D(d[ 0],d[ 8],d[16],d[24],d[32],d[40],d[48],d[56])
..\awtk\3rd\stb/stb_image.h(2222): warning:  #1035-D: single-precision operand implicitly converted to double-precision
           
TBI__IDCT_1D(d[ 0],d[ 8],d[16],d[24],d[32],d[40],d[48],d[56])
..\awtk\3rd\stb/stb_image.h(2222): warning:  #1035-D: single-precision operand implicitly converted to double-precision
           
TBI__IDCT_1D(d[ 0],d[ 8],d[16],d[24],d[32],d[40],d[48],d[56])
..\awtk\3rd\stb/stb_image.h(2222): warning:  #1035-D: single-precision operand implicitly converted to double-precision
           
TBI__IDCT_1D(d[ 0],d[ 8],d[16],d[24],d[32],d[40],d[48],d[56])
..\awtk\3rd\stb/stb_image.h(2239): warning:  #1035-D: single-precision operand implicitly converted to double-precision
        
TBI__IDCT_1D(v[0],v[1],v[2],v[3],v[4],v[5],v[6],v[7])
..\awtk\3rd\stb/stb_image.h(2239): warning:  #1035-D: single-precision operand implicitly converted to double-precision
        
TBI__IDCT_1D(v[0],v[1],v[2],v[3],v[4],v[5],v[6],v[7])
..\awtk\3rd\stb/stb_image.h(2239): warning:  #1035-D: single-precision operand implicitly converted to double-precision
        
TBI__IDCT_1D(v[0],v[1],v[2],v[3],v[4],v[5],v[6],v[7])
..\awtk\3rd\stb/stb_image.h(2239): warning:  #1035-D: single-precision operand implicitly converted to double-precision
        
TBI__IDCT_1D(v[0],v[1],v[2],v[3],v[4],v[5],v[6],v[7])
..\awtk\3rd\stb/stb_image.h(2239): warning:  #1035-D: single-precision operand implicitly converted to double-precision
        
TBI__IDCT_1D(v[0],v[1],v[2],v[3],v[4],v[5],v[6],v[7])
..\awtk\3rd\stb/stb_image.h(2239): warning:  #1035-D: single-precision operand implicitly converted to double-precision
        
TBI__IDCT_1D(v[0],v[1],v[2],v[3],v[4],v[5],v[6],v[7])
..\awtk\3rd\stb/stb_image.h(2239): warning:  #1035-D: single-precision operand implicitly converted to double-precision
        
TBI__IDCT_1D(v[0],v[1],v[2],v[3],v[4],v[5],v[6],v[7])
..\awtk\3rd\stb/stb_image.h(2239): warning:  #1035-D: single-precision operand implicitly converted to double-precision
        
TBI__IDCT_1D(v[0],v[1],v[2],v[3],v[4],v[5],v[6],v[7])
..\awtk\3rd\stb/stb_image.h(2239): warning:  #1035-D: single-precision operand implicitly converted to double-precision
        
TBI__IDCT_1D(v[0],v[1],v[2],v[3],v[4],v[5],v[6],v[7])
..\awtk\3rd\stb/stb_image.h(2239): warning:  #1035-D: single-precision operand implicitly converted to double-precision
        
TBI__IDCT_1D(v[0],v[1],v[2],v[3],v[4],v[5],v[6],v[7])
..\awtk\3rd\stb/stb_image.h(2239): warning:  #1035-D: single-precision operand implicitly converted to double-precision
        
TBI__IDCT_1D(v[0],v[1],v[2],v[3],v[4],v[5],v[6],v[7])
..\awtk\3rd\stb/stb_image.h(2239): warning:  #1035-D: single-precision operand implicitly converted to double-precision
        
TBI__IDCT_1D(v[0],v[1],v[2],v[3],v[4],v[5],v[6],v[7])
..\awtk\3rd\stb/stb_image.h(3948): warning:  #550-D: variable "old_limit"  was set but never used
     int cur, limit, old_limit;
..\awtk\3rd\stb/stb_image.h(4827): warning:  #550-D: variable "idata_limit_old"  was set but never used
                 stbi__uint32 idata_limit_old = idata_limit;
..\awtk\3rd\stb/stb_image.h(5047): warning:  #186-D: pointless comparison of unsigned integer with zero
     
TBI_ASSERT(v >= 0 && v < 256);
..\awtk\3rd\stb/stb_image.h(5047): warning:  #186-D: pointless comparison of unsigned integer with zero
     
TBI_ASSERT(v >= 0 && v < 256);
..\awtk\src\image_loader\image_loader_stb.c: 28 warnings, 0 errors
compiling blend_image_bgr565_bgra8888.c...
compiling blend_image_bgr565_rgba8888.c...
compiling blend_image_bgr888_bgr565.c...
compiling blend_image_bgr888_bgra8888.c...
compiling blend_image_bgr888_rgba8888.c...
compiling blend_image_bgra8888_bgr565.c...
compiling blend_image_bgra8888_bgra8888.c...
compiling blend_image_bgra8888_rgba8888.c...
compiling blend_image_rgb565_bgra8888.c...
compiling blend_image_rgb565_bgr565.c...
compiling blend_image_rgba8888_bgra8888.c...
compiling blend_image_rgba8888_bgr565.c...
compiling blend_image_rgb565_rgba8888.c...
compiling fill_image_bgr565.c...
compiling fill_image_bgra8888.c...
compiling fill_image_bgr888.c...
compiling blend_image_rgba8888_rgba8888.c...
compiling fill_image_rgb565.c...
compiling rotate_image_bgr565.c...
compiling fill_image_rgba8888.c...
compiling rotate_image_bgr888.c...
compiling rotate_image_bgra8888.c...
compiling rotate_image_rgb565.c...
compiling rotate_image_rgba8888.c...
compiling font_loader_bitmap.c...
compiling calibration_win.c...
compiling font_loader.c...
compiling func_call_parser.c...
compiling style.c...
compiling style_factory.c...
compiling widget_animator_factory.c...
compiling style_const.c...
compiling window_base.c...
compiling date_time.c...
compiling widget_animator_manager.c...
compiling time_now.c...
compiling bsvg.c...
compiling bsvg_builder.c...
compiling bsvg_draw.c...
compiling vgcanvas_nanovg_soft.c...
..\awtk\src\vgcanvas\vgcanvas_nanovg_soft.inc(101): warning:  #177-D: variable "j"  was declared but never referenced
    int32_t j = 0;
..\awtk\src\vgcanvas\vgcanvas_nanovg_soft.inc(103): warning:  #177-D: variable "size"  was declared but never referenced
    uint32_t size = 0;
..\awtk\src\vgcanvas\vgcanvas_nanovg_soft.c: 2 warnings, 0 errors
compiling svg_shape.c...
compiling svg_path.c...
compiling bsvg_to_svg.c...
compiling svg_path_parser.c...
compiling clip_board_default.c...
compiling clip_board.c...
compiling svg_to_bsvg.c...
compiling grid_item.c...
compiling input_device_status.c...
compiling font_loader_stb.c...
..\awtk\3rd\stb/stb_truetype.h(4232): warning:  #1035-D: single-precision operand implicitly converted to double-precision
     if (a != 0.0) {
..\awtk\3rd\stb/stb_truetype.h(4234): warning:  #1035-D: single-precision operand implicitly converted to double-precision
        if (discr > 0.0) {
..\awtk\3rd\stb/stb_truetype.h(4239): warning:  #1035-D: single-precision operand implicitly converted to double-precision
           if (s0 >= 0.0 && s0 <= 1.0)
..\awtk\3rd\stb/stb_truetype.h(4239): warning:  #1035-D: single-precision operand implicitly converted to double-precision
           if (s0 >= 0.0 && s0 <= 1.0)
..\awtk\3rd\stb/stb_truetype.h(4241): warning:  #1035-D: single-precision operand implicitly converted to double-precision
           if (d > 0.0 && s1 >= 0.0 && s1 <= 1.0) {
..\awtk\3rd\stb/stb_truetype.h(4241): warning:  #1035-D: single-precision operand implicitly converted to double-precision
           if (d > 0.0 && s1 >= 0.0 && s1 <= 1.0) {
..\awtk\3rd\stb/stb_truetype.h(4241): warning:  #1035-D: single-precision operand implicitly converted to double-precision
           if (d > 0.0 && s1 >= 0.0 && s1 <= 1.0) {
..\awtk\3rd\stb/stb_truetype.h(4250): warning:  #1035-D: single-precision operand implicitly converted to double-precision
        if (s0 >= 0.0 && s0 <= 1.0)
..\awtk\3rd\stb/stb_truetype.h(4250): warning:  #1035-D: single-precision operand implicitly converted to double-precision
        if (s0 >= 0.0 && s0 <= 1.0)
..\awtk\3rd\stb/stb_truetype.h(4509): warning:  #1035-D: single-precision operand implicitly converted to double-precision
                       if (a_inv == 0.0) { // if a_inv is 0, it's 2nd degree so use quadratic formula
..\awtk\3rd\stb/stb_truetype.h(4513): warning:  #1035-D: single-precision operand implicitly converted to double-precision
                          if (a == 0.0) { // if a is 0, it's linear
..\awtk\3rd\stb/stb_truetype.h(4514): warning:  #1035-D: single-precision operand implicitly converted to double-precision
                             if (b != 0.0) {
..\awtk\3rd\stb/stb_truetype.h(4748): warning:  #2803-D: unrecognized GCC pragma
  #pragma GCC diagnostic push
..\awtk\3rd\stb/stb_truetype.h(4749): warning:  #2803-D: unrecognized GCC pragma
  #pragma GCC diagnostic ignored "-Wcast-qual"
..\awtk\3rd\stb/stb_truetype.h(4785): warning:  #2803-D: unrecognized GCC pragma
  #pragma GCC diagnostic pop
..\awtk\src\font_loader\font_loader_stb.c: 15 warnings, 0 errors
compiling image_base.c...
compiling widget_animator_factory_null.c...
compiling system_bar.c...
compiling widget_animator_prop.c...
compiling widget_animator_prop2.c...
compiling children_layouter.c...
compiling self_layouter.c...
compiling event.c...
compiling children_layouter_default.c...
compiling idle_info.c...
compiling idle_manager.c...
compiling self_layouter_default.c...
compiling timer_info.c...
compiling timer_manager.c...
compiling slist.c...
compiling object_default.c...
compiling named_value.c...
compiling object.c...
compiling darray.c...
compiling lcd_profile.c...
compiling mutable_image.c...
compiling expr_eval.c...
compiling window_animator_builtins.c...
compiling window_animator_center_scale.c...
compiling window_animator_fade.c...
compiling window_animator_common.c...
compiling window_animator_htranslate.c...
compiling window_animator_popdown.c...
compiling window_animator_popup.c...
compiling window_animator_slide.c...
compiling window_animator_slide_down.c...
compiling window_animator_slide_left.c...
compiling window_animator_slide_right.c...
compiling window_animator_slide_up.c...
compiling window_animator_vtranslate.c...
compiling dialog_highlighter_builtins.c...
compiling dialog_highlighter_default.c...
compiling dialog_highlighter.c...
compiling dialog_highlighter_factory.c...
compiling fill_image_abgr8888.c...
compiling window_animator_factory.c...
compiling fill_image_argb8888.c...
compiling children_layouter_factory.c...
compiling shortcut.c...
compiling int_str.c...
compiling self_layouter_factory.c...
compiling str_str.c...
compiling hscrollable.c...
compiling style_mutable.c...
compiling children_layouter_builtins.c...
compiling children_layouter_parser.c...
compiling self_layouter_builtins.c...
compiling self_layouter_parser.c...
compiling overlay.c...
compiling native_window.c...
compiling self_layouter_menu.c...
compiling native_window_raw.c...
compiling dialog_helper.c...
compiling graphic_buffer.c...
compiling ui_feedback.c...
compiling widgets.c...
compiling window_manager_default.c...
compiling graphic_buffer_default.c...
compiling text_edit.c...
..\awtk\3rd\stb/stb_textedit.h(1349): warning:  #2803-D: unrecognized GCC pragma
  #pragma GCC diagnostic push
..\awtk\3rd\stb/stb_textedit.h(1350): warning:  #2803-D: unrecognized GCC pragma
  #pragma GCC diagnostic ignored "-Wcast-qual"
..\awtk\3rd\stb/stb_textedit.h(1359): warning:  #2803-D: unrecognized GCC pragma
  #pragma GCC diagnostic pop
..\awtk\src\base\text_edit.c: 3 warnings, 0 errors
compiling digit_clock.c...
compiling log.c...
compiling blend_image_rgb888_rgba8888.c...
compiling fill_image_rgb888.c...
compiling blend_image_rgb888_bgr565.c...
compiling blend_image_rgb888_bgra8888.c...
compiling rotate_image_rgb888.c...
compiling crc.c...
compiling compressor.c...
compiling event_source.c...
compiling event_source_fd.c...
compiling event_source_idle.c...
compiling event_source_manager.c...
compiling event_source_manager_default.c...
compiling event_source_timer.c...
compiling iostream.c...
compiling istream.c...
compiling socket_pair.c...
compiling ostream.c...
compiling object_array.c...
compiling ring_buffer.c...
compiling value_desc.c...
compiling asset_info.c...
compiling clip_view.c...
compiling asset_loader.c...
compiling blend_image_bgr565_rgb565.c...
compiling date_time_format.c...
compiling blend_image_bgr888_bgr888.c...
compiling blend_image_bgr888_rgb565.c...
compiling blend_image_bgra8888_rgb565.c...
compiling blend_image_rgb888_rgb565.c...
compiling blend_image_rgb565_rgb565.c...
compiling blend_image_rgba8888_rgb565.c...
compiling blend_image_rgb888_rgb888.c...
compiling fs_os.c...
compiling lang_indicator.c...
compiling emojidef.c...
compiling mutex_null.c...
compiling rich_text_view.c...
compiling graphemebreak.c...
compiling linebreak.c...
compiling linebreakdata.c...
compiling unibreakbase.c...
compiling linebreakdef.c...
compiling unibreakdef.c...
compiling wordbreak.c...
compiling math.cpp...
compiling stroke.cpp...
compiling nanovg_vertex.cpp...
compiling vector_rasterizer.cpp...
compiling stroke_features.cpp...
..\awtk\3rd\agge\agge\stroke_features.cpp(222): warning:  #177-D: variable "C"  was declared but never referenced
  			float C = 0.0f;
..\awtk\3rd\agge\agge\stroke_features.cpp: 1 warning, 0 errors
compiling rgb_and_hsv.c...
compiling color_component.c...
..\awtk\src\ext_widgets\color_picker\color_component.c(230): warning:  #61-D: integer operation result is out of range
        *dst++ = 
gb_to_image8888(r, g, b);
..\awtk\src\ext_widgets\color_picker\color_component.c(267): warning:  #61-D: integer operation result is out of range
      v = 
gb_to_image8888(r, g, b);
..\awtk\src\ext_widgets\color_picker\color_component.c: 2 warnings, 0 errors
compiling guage.c...
compiling nanovg.c...
..\awtk\3rd\nanovg\base\nanovg.c(2125): warning:  #177-D: variable "dx"  was declared but never referenced
  		float dx, dy;
..\awtk\3rd\nanovg\base\nanovg.c(2125): warning:  #177-D: variable "dy"  was declared but never referenced
  		float dx, dy;
..\awtk\3rd\nanovg\base\nanovg.c(2203): warning:  #550-D: variable "p0"  was set but never used
  		NVGpoint* p0;
..\awtk\3rd\nanovg\base\nanovg.c(149): warning:  #177-D: function "nvg__clampi"  was declared but never referenced
  static int nvg__clampi(int a, int mn, int mx) { return a < mn ? mn : (a > mx ? mx : a); }
..\awtk\3rd\nanovg\base\nanovg.c: 4 warnings, 0 errors
compiling color_picker.c...
..\awtk\src\ext_widgets\color_picker\color_picker.c(269): warning:  #550-D: variable "last_hue"  was set but never used
    int32_t last_hue = 0;
..\awtk\src\ext_widgets\color_picker\color_picker.c: 1 warning, 0 errors
compiling image_animation.c...
compiling candidates.c...
compiling rich_text_node.c...
compiling keyboard.c...
compiling rich_text_parser.c...
compiling rich_text.c...
compiling rich_text_render_node.c...
compiling list_item.c...
compiling list_view_h.c...
compiling list_view.c...
compiling scroll_bar.c...
compiling scroll_view.c...
compiling switch.c...
compiling slide_view.c...
..\awtk\src\ext_widgets\slide_view\slide_view.c(376): warning:  #177-D: function "slide_view_calc_dirty_rect"  was declared but never referenced
  static ret_t slide_view_calc_dirty_rect(slide_view_t* slide_view, rect_t* r) {
..\awtk\src\ext_widgets\slide_view\slide_view.c: 1 warning, 0 errors
compiling time_clock.c...
compiling text_selector.c...
compiling ext_widgets.c...
compiling progress_circle.c...
compiling svg_image.c...
compiling guage_pointer.c...
compiling canvas_widget.c...
compiling gif_image.c...
compiling image_value.c...
compiling slide_menu.c...
compiling children_layouter_list_view.c...
compiling line_number.c...
compiling slide_indicator.c...
compiling mledit.c...
compiling hscroll_label.c...
compiling cond_var_null.c...
compiling combo_box_ex.c...
compiling sys_tick_handler.c...
compiling assert.c...
compiling draggable.c...
compiling sys_tick.c...
compiling lcd_impl.c...
compiling platform.c...
compiling main_loop_impl.c...
compiling demo_ui_app.c...
compiling nanovg_agge.cpp...
compiling assets-1m.c...
linking...
Program Size: Code=567074 RO-data=986674 RW-data=2068 ZI-data=34178348  
FromELF: creating hex file...
"..\OBJ\Template.axf" - 0 Error(s), 61 Warning(s).

<h2>Software Packages used:</h2>

Package Vendor: Keil
                http://www.keil.com/pack/Keil.STM32H7xx_DFP.2.2.0.pack
                Keil.STM32H7xx_DFP.2.2.0
                STMicroelectronics STM32H7 Series Device Support and Examples

<h2>Collection of Component include folders:</h2>
  .\RTE\_awtkapp
  C:\Keil_v5\ARM\PACK\Keil\STM32H7xx_DFP\2.2.0\Drivers\CMSIS\Device\ST\STM32H7xx\Include

<h2>Collection of Component Files used:</h2>
Build Time Elapsed:  00:00:33
</pre>
</body>
</html>
